START patchtst
Seed set to 206
/Users/doob/dev/energy_forecast_ws/206ebc/project/.venv/lib/python3.12/site-packages/torch/nn/modules/transformer.py:144: UserWarning: enable_nested_tensor is True, but self.use_nested_tensor is False because encoder_layer.self_attn.batch_first was not True(use batch_first for better inference performance)
  self.encoder = TransformerEncoder(
/Users/doob/dev/energy_forecast_ws/206ebc/project/.venv/lib/python3.12/site-packages/pytorch_lightning/trainer/setup.py:177: GPU available but not used. You can set it by doing `Trainer(accelerator='gpu')`.
/Users/doob/dev/energy_forecast_ws/206ebc/project/.venv/lib/python3.12/site-packages/pytorch_lightning/utilities/_pytree.py:21: `isinstance(treespec, LeafSpec)` is deprecated, use `isinstance(treespec, TreeSpec) and treespec.is_leaf()` instead.
VALIDATION epoch=1 mape_pct=36.75211
VALIDATION epoch=2 mape_pct=14.53587
VALIDATION epoch=3 mape_pct=11.67744
VALIDATION epoch=4 mape_pct=11.32719
VALIDATION epoch=5 mape_pct=11.39691
VALIDATION epoch=6 mape_pct=11.48181
VALIDATION epoch=7 mape_pct=11.61213
VALIDATION epoch=8 mape_pct=11.05957
VALIDATION epoch=9 mape_pct=10.68695
VALIDATION epoch=10 mape_pct=11.11364
VALIDATION epoch=11 mape_pct=10.49843
VALIDATION epoch=12 mape_pct=10.89173
VALIDATION epoch=13 mape_pct=9.37369
VALIDATION epoch=14 mape_pct=8.74280
VALIDATION epoch=15 mape_pct=8.07960
VALIDATION epoch=16 mape_pct=7.26469
VALIDATION epoch=17 mape_pct=7.27802
VALIDATION epoch=18 mape_pct=6.88632
VALIDATION epoch=19 mape_pct=7.33234
VALIDATION epoch=20 mape_pct=7.21484
VALIDATION epoch=21 mape_pct=7.01898
VALIDATION epoch=22 mape_pct=7.12870
Seed set to 206
/Users/doob/dev/energy_forecast_ws/206ebc/project/.venv/lib/python3.12/site-packages/torch/nn/modules/transformer.py:144: UserWarning: enable_nested_tensor is True, but self.use_nested_tensor is False because encoder_layer.self_attn.batch_first was not True(use batch_first for better inference performance)
  self.encoder = TransformerEncoder(
/Users/doob/dev/energy_forecast_ws/206ebc/project/.venv/lib/python3.12/site-packages/pytorch_lightning/trainer/setup.py:177: GPU available but not used. You can set it by doing `Trainer(accelerator='gpu')`.
/Users/doob/dev/energy_forecast_ws/206ebc/project/.venv/lib/python3.12/site-packages/pytorch_lightning/utilities/_pytree.py:21: `isinstance(treespec, LeafSpec)` is deprecated, use `isinstance(treespec, TreeSpec) and treespec.is_leaf()` instead.
/Users/doob/dev/energy_forecast_ws/206ebc/project/.venv/lib/python3.12/site-packages/torch/utils/data/dataloader.py:775: UserWarning: 'pin_memory' argument is set as true but not supported on MPS now, device pinned memory won't be used.
  super().__init__(loader)
DONE patchtst seconds=97.65
