START naive
DONE naive seconds=0.00
START sarima
/Users/doob/dev/energy_forecast_ws/206ebc/project/.venv/lib/python3.12/site-packages/statsmodels/base/model.py:607: ConvergenceWarning: Maximum Likelihood optimization failed to converge. Check mle_retvals
  warnings.warn("Maximum Likelihood optimization failed to "
DONE sarima seconds=368.74
START prophet
DONE prophet seconds=24.32
START lightgbm
DONE lightgbm seconds=15.81
START nbeats
Seed set to 206
/Users/doob/dev/energy_forecast_ws/206ebc/project/.venv/lib/python3.12/site-packages/pytorch_lightning/trainer/setup.py:177: GPU available but not used. You can set it by doing `Trainer(accelerator='gpu')`.
/Users/doob/dev/energy_forecast_ws/206ebc/project/.venv/lib/python3.12/site-packages/pytorch_lightning/utilities/_pytree.py:21: `isinstance(treespec, LeafSpec)` is deprecated, use `isinstance(treespec, TreeSpec) and treespec.is_leaf()` instead.
VALIDATION epoch=1 mape_pct=28.33212
VALIDATION epoch=2 mape_pct=13.95062
VALIDATION epoch=3 mape_pct=11.10585
VALIDATION epoch=4 mape_pct=9.31423
VALIDATION epoch=5 mape_pct=8.87133
VALIDATION epoch=6 mape_pct=8.26199
VALIDATION epoch=7 mape_pct=8.08989
VALIDATION epoch=8 mape_pct=7.59386
VALIDATION epoch=9 mape_pct=7.38368
VALIDATION epoch=10 mape_pct=6.77736
VALIDATION epoch=11 mape_pct=6.93554
VALIDATION epoch=12 mape_pct=7.10563
VALIDATION epoch=13 mape_pct=6.35495
VALIDATION epoch=14 mape_pct=6.83421
VALIDATION epoch=15 mape_pct=6.32119
VALIDATION epoch=16 mape_pct=6.67116
VALIDATION epoch=17 mape_pct=6.33948
VALIDATION epoch=18 mape_pct=6.29468
VALIDATION epoch=19 mape_pct=6.49138
VALIDATION epoch=20 mape_pct=6.47161
VALIDATION epoch=21 mape_pct=5.82015
VALIDATION epoch=22 mape_pct=5.94734
VALIDATION epoch=23 mape_pct=6.00352
VALIDATION epoch=24 mape_pct=5.43657
VALIDATION epoch=25 mape_pct=5.75592
VALIDATION epoch=26 mape_pct=6.52595
VALIDATION epoch=27 mape_pct=5.76797
VALIDATION epoch=28 mape_pct=5.68031
Seed set to 206
/Users/doob/dev/energy_forecast_ws/206ebc/project/.venv/lib/python3.12/site-packages/pytorch_lightning/trainer/setup.py:177: GPU available but not used. You can set it by doing `Trainer(accelerator='gpu')`.
/Users/doob/dev/energy_forecast_ws/206ebc/project/.venv/lib/python3.12/site-packages/pytorch_lightning/utilities/_pytree.py:21: `isinstance(treespec, LeafSpec)` is deprecated, use `isinstance(treespec, TreeSpec) and treespec.is_leaf()` instead.
/Users/doob/dev/energy_forecast_ws/206ebc/project/.venv/lib/python3.12/site-packages/torch/utils/data/dataloader.py:775: UserWarning: 'pin_memory' argument is set as true but not supported on MPS now, device pinned memory won't be used.
  super().__init__(loader)
DONE nbeats seconds=77.53
START patchtst
Seed set to 206
/Users/doob/dev/energy_forecast_ws/206ebc/project/.venv/lib/python3.12/site-packages/torch/nn/modules/transformer.py:144: UserWarning: enable_nested_tensor is True, but self.use_nested_tensor is False because encoder_layer.self_attn.batch_first was not True(use batch_first for better inference performance)
  self.encoder = TransformerEncoder(
/Users/doob/dev/energy_forecast_ws/206ebc/project/.venv/lib/python3.12/site-packages/pytorch_lightning/trainer/setup.py:177: GPU available but not used. You can set it by doing `Trainer(accelerator='gpu')`.
/Users/doob/dev/energy_forecast_ws/206ebc/project/.venv/lib/python3.12/site-packages/pytorch_lightning/utilities/_pytree.py:21: `isinstance(treespec, LeafSpec)` is deprecated, use `isinstance(treespec, TreeSpec) and treespec.is_leaf()` instead.
VALIDATION epoch=1 mape_pct=36.75211
VALIDATION epoch=2 mape_pct=14.53587
VALIDATION epoch=3 mape_pct=11.67744
VALIDATION epoch=4 mape_pct=11.32719
VALIDATION epoch=5 mape_pct=11.39691
VALIDATION epoch=6 mape_pct=11.48181
VALIDATION epoch=7 mape_pct=11.61213
VALIDATION epoch=8 mape_pct=11.05957
VALIDATION epoch=9 mape_pct=10.68695
VALIDATION epoch=10 mape_pct=11.11364
VALIDATION epoch=11 mape_pct=10.49843
VALIDATION epoch=12 mape_pct=10.89173
VALIDATION epoch=13 mape_pct=9.37369
VALIDATION epoch=14 mape_pct=8.74280
VALIDATION epoch=15 mape_pct=8.07960
VALIDATION epoch=16 mape_pct=7.26469
VALIDATION epoch=17 mape_pct=7.27802
VALIDATION epoch=18 mape_pct=6.88632
VALIDATION epoch=19 mape_pct=7.33234
VALIDATION epoch=20 mape_pct=7.21484
VALIDATION epoch=21 mape_pct=7.01898
VALIDATION epoch=22 mape_pct=7.12870
Seed set to 206
/Users/doob/dev/energy_forecast_ws/206ebc/project/.venv/lib/python3.12/site-packages/torch/nn/modules/transformer.py:144: UserWarning: enable_nested_tensor is True, but self.use_nested_tensor is False because encoder_layer.self_attn.batch_first was not True(use batch_first for better inference performance)
  self.encoder = TransformerEncoder(
/Users/doob/dev/energy_forecast_ws/206ebc/project/.venv/lib/python3.12/site-packages/pytorch_lightning/trainer/setup.py:177: GPU available but not used. You can set it by doing `Trainer(accelerator='gpu')`.
/Users/doob/dev/energy_forecast_ws/206ebc/project/.venv/lib/python3.12/site-packages/pytorch_lightning/utilities/_pytree.py:21: `isinstance(treespec, LeafSpec)` is deprecated, use `isinstance(treespec, TreeSpec) and treespec.is_leaf()` instead.
/Users/doob/dev/energy_forecast_ws/206ebc/project/.venv/lib/python3.12/site-packages/torch/utils/data/dataloader.py:775: UserWarning: 'pin_memory' argument is set as true but not supported on MPS now, device pinned memory won't be used.
  super().__init__(loader)
DONE patchtst seconds=90.03
    name  mape_test_pct  rmse_test_mw  mae_test_mw  mape_jan1_pct  mape_jan2_to_jan7_pct  runtime_seconds
lightgbm       5.114978   3639.156552  2774.112487       5.411599               5.065541        15.814030
 prophet       8.175796   4900.137240  4124.570392      14.610999               7.103262        24.315773
  nbeats      10.229040   6711.126843  5405.644006       8.860731              10.457091        77.528969
patchtst      10.986704   7327.741964  5636.347429      19.416482               9.581741        90.026864
   naive      12.780589   8808.602997  7237.976190       6.519554              13.824095         0.000049
  sarima      14.660592   9466.386332  8165.121895       6.952605              15.945256       368.736426
WINNER lightgbm
STUDY_COMPLETE command_seconds=582.74
