START naive
DONE naive runtime_seconds=0.001
START sarima
sarima validation (1, 0, 0): 6.4762% converged=True
sarima validation (2, 0, 0): 5.6558% converged=True
DONE sarima runtime_seconds=560.707
START prophet
prophet validation prior=0.01: 5.6392%
prophet validation prior=0.05: 5.6358%
DONE prophet runtime_seconds=24.523
START lightgbm
lightgbm validation {'num_leaves': 15, 'n_estimators': 250}: 3.4921%
lightgbm validation {'num_leaves': 31, 'n_estimators': 400}: 3.3153%
DONE lightgbm runtime_seconds=10.981
START nbeats
/Users/doob/dev/energy_forecast_ws/b260d4/project/.venv/lib/python3.12/site-packages/pytorch_lightning/trainer/setup.py:177: GPU available but not used. You can set it by doing `Trainer(accelerator='gpu')`.
/Users/doob/dev/energy_forecast_ws/b260d4/project/.venv/lib/python3.12/site-packages/pytorch_lightning/utilities/_pytree.py:21: `isinstance(treespec, LeafSpec)` is deprecated, use `isinstance(treespec, TreeSpec) and treespec.is_leaf()` instead.
nbeats epoch=1 validation_MAPE=11.1048%
nbeats epoch=2 validation_MAPE=10.2472%
/Users/doob/dev/energy_forecast_ws/b260d4/project/.venv/lib/python3.12/site-packages/pytorch_lightning/trainer/setup.py:177: GPU available but not used. You can set it by doing `Trainer(accelerator='gpu')`.
/Users/doob/dev/energy_forecast_ws/b260d4/project/.venv/lib/python3.12/site-packages/pytorch_lightning/utilities/_pytree.py:21: `isinstance(treespec, LeafSpec)` is deprecated, use `isinstance(treespec, TreeSpec) and treespec.is_leaf()` instead.
/Users/doob/dev/energy_forecast_ws/b260d4/project/.venv/lib/python3.12/site-packages/torch/utils/data/dataloader.py:775: UserWarning: 'pin_memory' argument is set as true but not supported on MPS now, device pinned memory won't be used.
  super().__init__(loader)
/Users/doob/dev/energy_forecast_ws/b260d4/project/.venv/lib/python3.12/site-packages/pytorch_lightning/trainer/setup.py:177: GPU available but not used. You can set it by doing `Trainer(accelerator='gpu')`.
/Users/doob/dev/energy_forecast_ws/b260d4/project/.venv/lib/python3.12/site-packages/pytorch_lightning/utilities/_pytree.py:21: `isinstance(treespec, LeafSpec)` is deprecated, use `isinstance(treespec, TreeSpec) and treespec.is_leaf()` instead.
/Users/doob/dev/energy_forecast_ws/b260d4/project/.venv/lib/python3.12/site-packages/torch/utils/data/dataloader.py:775: UserWarning: 'pin_memory' argument is set as true but not supported on MPS now, device pinned memory won't be used.
  super().__init__(loader)
DONE nbeats runtime_seconds=3.243
START patchtst
/Users/doob/dev/energy_forecast_ws/b260d4/project/.venv/lib/python3.12/site-packages/torch/nn/modules/transformer.py:144: UserWarning: enable_nested_tensor is True, but self.use_nested_tensor is False because encoder_layer.self_attn.batch_first was not True(use batch_first for better inference performance)
  self.encoder = TransformerEncoder(
/Users/doob/dev/energy_forecast_ws/b260d4/project/.venv/lib/python3.12/site-packages/pytorch_lightning/trainer/setup.py:177: GPU available but not used. You can set it by doing `Trainer(accelerator='gpu')`.
/Users/doob/dev/energy_forecast_ws/b260d4/project/.venv/lib/python3.12/site-packages/pytorch_lightning/utilities/_pytree.py:21: `isinstance(treespec, LeafSpec)` is deprecated, use `isinstance(treespec, TreeSpec) and treespec.is_leaf()` instead.
patchtst epoch=1 validation_MAPE=13.5993%
patchtst epoch=2 validation_MAPE=10.9843%
/Users/doob/dev/energy_forecast_ws/b260d4/project/.venv/lib/python3.12/site-packages/pytorch_lightning/trainer/setup.py:177: GPU available but not used. You can set it by doing `Trainer(accelerator='gpu')`.
/Users/doob/dev/energy_forecast_ws/b260d4/project/.venv/lib/python3.12/site-packages/pytorch_lightning/utilities/_pytree.py:21: `isinstance(treespec, LeafSpec)` is deprecated, use `isinstance(treespec, TreeSpec) and treespec.is_leaf()` instead.
/Users/doob/dev/energy_forecast_ws/b260d4/project/.venv/lib/python3.12/site-packages/torch/utils/data/dataloader.py:775: UserWarning: 'pin_memory' argument is set as true but not supported on MPS now, device pinned memory won't be used.
  super().__init__(loader)
/Users/doob/dev/energy_forecast_ws/b260d4/project/.venv/lib/python3.12/site-packages/torch/nn/modules/transformer.py:144: UserWarning: enable_nested_tensor is True, but self.use_nested_tensor is False because encoder_layer.self_attn.batch_first was not True(use batch_first for better inference performance)
  self.encoder = TransformerEncoder(
/Users/doob/dev/energy_forecast_ws/b260d4/project/.venv/lib/python3.12/site-packages/pytorch_lightning/trainer/setup.py:177: GPU available but not used. You can set it by doing `Trainer(accelerator='gpu')`.
/Users/doob/dev/energy_forecast_ws/b260d4/project/.venv/lib/python3.12/site-packages/pytorch_lightning/utilities/_pytree.py:21: `isinstance(treespec, LeafSpec)` is deprecated, use `isinstance(treespec, TreeSpec) and treespec.is_leaf()` instead.
/Users/doob/dev/energy_forecast_ws/b260d4/project/.venv/lib/python3.12/site-packages/torch/utils/data/dataloader.py:775: UserWarning: 'pin_memory' argument is set as true but not supported on MPS now, device pinned memory won't be used.
  super().__init__(loader)
DONE patchtst runtime_seconds=10.611
{"winner": "lightgbm", "mape_test_pct": 3.9122999868145625, "winner_coverage_80pct": 0.7559523809523809, "winner_coverage_95pct": 0.9583333333333334, "winner_pinball_loss_q10": 465.06337836372074, "winner_pinball_loss_q50": 991.5041677677664, "winner_pinball_loss_q90": 384.88424931397213}
ALL_DONE total_runtime_seconds=619.136
